// Jest Snapshot v1, https://goo.gl/fbAQLP

exports[`CounterComponent shoild be equal to snapshot 1`] = `
<div
  id="root1"
>
  <h1>
    Counter 0
  </h1>
  <hr />
  <button
    class="btn btn-primary me-2"
  >
    +1
  </button>
  <button
    class="btn btn-primary"
  >
    -1
  </button>
</div>
`;
